********************************************************************************
Field Output Report, written Sun Mar  6 13:11:23 2022

Source 1
---------

   ODB: C:/AbaqusFiles/BeamJob.odb
   Step: static beam
   Frame: Increment      1: Step Time =    1.000

Loc 1 : Nodal values from source 1

Output sorted by column "Node Label".

Field Output reported at nodes for part: BEAM-1

      Node Label            U.U1            U.U2
                          @Loc 1          @Loc 1
-------------------------------------------------
               1    -28.1112E-33    -9.75329E-33
               2    -4.73725E-06    -219.818E-06
               3     5.04256E-06    -295.470E-06
               4     28.1112E-33    -6.07579E-33
               5    -2.55381E-06    -46.1020E-06
               6    -4.29955E-06    -92.8256E-06
               7    -5.24211E-06    -138.475E-06
               8    -5.38638E-06    -181.364E-06
               9    -3.36076E-06    -251.969E-06
              10    -1.44515E-06    -276.220E-06
              11     760.199E-09    -291.698E-06
              12     3.00589E-06    -298.056E-06
              13     6.68193E-06    -284.845E-06
              14     7.85799E-06    -267.352E-06
              15     8.56584E-06    -243.972E-06
              16     8.80060E-06    -215.696E-06
              17     8.55737E-06    -183.525E-06
              18     7.83125E-06    -148.469E-06
              19     6.61735E-06    -111.552E-06
              20     4.91077E-06    -73.8047E-06
              21     2.70662E-06    -36.2698E-06


  Minimum           -5.38638E-06    -298.056E-06
         At Node               8              12

  Maximum            8.80060E-06    -6.07579E-33
         At Node              16               4

           Total     44.3134E-06    -3.65748E-03


********************************************************************************
Field Output Report, written Fri Apr  1 19:47:06 2022

Source 1
---------

   ODB: C:/AbaqusFiles/beamjob.odb
   Step: Static
   Frame: Increment      1: Step Time =    1.000

Loc 1 : Nodal values from source 1

Output sorted by column "Node Label".

Field Output reported at nodes for part: PART-2-1

      Node Label            U.U1            U.U2
                          @Loc 1          @Loc 1
-------------------------------------------------
               1              0.    -473.865E-36
               2              0.    -6.65788E-03
               3              0.    -8.93350E-03
               4              0.    -286.365E-36
               5              0.    -2.45145E-03
               6              0.    -4.72871E-03
               7              0.    -8.06928E-03
               8              0.    -8.83948E-03
               9              0.    -8.40479E-03
              10              0.    -7.35310E-03
              11              0.    -5.88234E-03
              12              0.    -4.09678E-03
              13              0.    -2.10102E-03


  Minimum                     0.    -8.93350E-03
         At Node              13               3

  Maximum                     0.    -286.365E-36
         At Node              13               4

           Total              0.    -67.5183E-03


